// Jest Snapshot v1, https://goo.gl/fbAQLP

exports[`ContactForm When form is filled shows validation errors 1`] = `
<DocumentFragment>
  <section
    data-testid="contact-wrapper"
  >
    <form
      class="text-tile-100"
      data-testid="form"
    >
      <h3
        class="text-h-3-sm lg:text-h-3 text-tile-100 my-2 font-bold"
      >
        contact.form.header
      </h3>
      <p
        class="mb-4"
      >
        contact.form.contact_information
      </p>
      <div
        class="mb-4 grid grid-rows-none gap-y-4 lg:grid-cols-2 lg:gap-x-6"
      >
        <div>
          <label
            class="text-p-2 md:text-h-6 font-bold text-tile-100"
            for="firstName"
          >
            contact.form.first_name.label
          </label>
          <input
            class="border-sierra-night-40 text-sierra-night-60 w-full rounded-md border p-2 pl-4 mt-2"
            data-testid="first-name"
            name="firstName"
            type="text"
          />
          <p
            class="px-2 text-terracotta-100 mt-2"
            data-testid="first-name-error"
          >
            form.validations.first_name
          </p>
        </div>
        <div>
          <label
            class="text-p-2 md:text-h-6 font-bold text-tile-100"
            for="lastName"
          >
            contact.form.last_name.label
          </label>
          <input
            class="border-sierra-night-40 text-sierra-night-60 w-full rounded-md border p-2 pl-4 mt-2"
            data-testid="last-name"
            name="lastName"
            type="text"
          />
          <p
            class="px-2 text-terracotta-100 mt-2"
            data-testid="last-name-error"
          >
            form.validations.last_name
          </p>
        </div>
        <div>
          <label
            class="text-p-2 md:text-h-6 font-bold text-tile-100"
            for="email"
          >
            contact.form.work_email.label
          </label>
          <input
            class="border-sierra-night-40 text-sierra-night-60 w-full rounded-md border p-2 pl-4 mt-2"
            data-testid="email"
            name="email"
            type="email"
          />
          <p
            class="px-2 text-terracotta-100 mt-2"
            data-testid="email-error"
          >
            form.validations.email.format
          </p>
        </div>
        <div>
          <label
            class="text-p-2 md:text-h-6 font-bold text-tile-100"
            for="phone"
          >
            contact.form.phone_number.label
          </label>
          <input
            class="border-sierra-night-40 text-sierra-night-60 w-full rounded-md border p-2 pl-4 mt-2"
            data-testid="phone-number"
            name="phone"
            type="text"
          />
          <p
            class="px-2 text-terracotta-100 mt-2"
            data-testid="phone-number-error"
          >
            form.validations.phone_number.format
          </p>
        </div>
      </div>
      <div>
        <p
          class="mb-2"
        >
          contact.form.business_information
        </p>
        <div
          class="mb-4 gap-y-4 lg:grid lg:grid-cols-2 lg:items-end lg:gap-x-6"
        >
          <div>
            <label
              class="text-p-2 md:text-h-6 font-bold text-tile-100"
              for="company"
            >
              contact.form.business_name.label
            </label>
            <input
              class="border-sierra-night-40 text-sierra-night-60 w-full rounded-md border p-2 pl-4 my-2 mt-2"
              data-testid="company-name"
              name="company"
              type="text"
            />
            <p
              class="px-2 text-terracotta-100 mt-2"
              data-testid="company-name-error"
            >
              form.validations.business_name
            </p>
          </div>
          <div
            class="py-2"
          >
            <div>
              <label
                class="text-p-2 md:text-h-6 font-bold text-tile-100"
                for="userType"
              >
                contact.form.user_type.label
              </label>
              <select
                class="border-sierra-night-40 text-sierra-night-60 w-full rounded-md border p-2 pl-4 mt-2"
                data-testid="user-type"
              >
                <option
                  disabled=""
                  selected=""
                  value=""
                >
                  contact.form.select.placeholder
                </option>
                <option
                  value="Advertiser"
                >
                  contact.form.user_type.options.new
                </option>
                <option
                  value="Estate Agent"
                >
                  contact.form.user_type.options.current_agent
                </option>
                <option
                  value="Developer"
                >
                  contact.form.user_type.options.developer
                </option>
                <option
                  value="Buyer"
                >
                  contact.form.user_type.options.buyer
                </option>
                <option
                  value="Other"
                >
                  contact.form.user_type.options.other
                </option>
              </select>
              <p
                class="text-terracotta-100 mt-2 px-2"
                data-testid="user-type-error"
              >
                contact.form.user_type.required
              </p>
            </div>
          </div>
        </div>
        <div
          class="my-6 space-y-4 lg:grid lg:grid-cols-2 lg:items-end lg:gap-x-6 lg:space-y-0"
        >
          <div>
            <label
              class="text-p-2 md:text-h-6 font-bold text-tile-100"
              for="agentMainProvinceContact"
            >
              contact.form.agent_province.label
            </label>
            <select
              class="border-sierra-night-40 text-sierra-night-60 w-full rounded-md border p-2 pl-4 mt-2"
            >
              <option
                disabled=""
                selected=""
                value=""
              >
                contact.form.select.placeholder
              </option>
              <option
                value="Alava"
              >
                Alava
              </option>
              <option
                value="Albacete"
              >
                Albacete
              </option>
              <option
                value="Alicante"
              >
                Alicante
              </option>
              <option
                value="Almeria"
              >
                Almeria
              </option>
              <option
                value="Asturias"
              >
                Asturias
              </option>
              <option
                value="Avila"
              >
                Avila
              </option>
              <option
                value="Badajoz"
              >
                Badajoz
              </option>
              <option
                value="Barcelona"
              >
                Barcelona
              </option>
              <option
                value="Burgos"
              >
                Burgos
              </option>
              <option
                value="Caceres"
              >
                Caceres
              </option>
              <option
                value="Cadiz"
              >
                Cadiz
              </option>
              <option
                value="Cantabria"
              >
                Cantabria
              </option>
              <option
                value="Castellon"
              >
                Castellon
              </option>
              <option
                value="Ciudad Real"
              >
                Ciudad Real
              </option>
              <option
                value="Cordoba"
              >
                Cordoba
              </option>
              <option
                value="Coruna"
              >
                Coruna
              </option>
              <option
                value="Cuenca"
              >
                Cuenca
              </option>
              <option
                value="El Hierro"
              >
                El Hierro
              </option>
              <option
                value="Formentera"
              >
                Formentera
              </option>
              <option
                value="Fuertaventura"
              >
                Fuertaventura
              </option>
              <option
                value="Gerona"
              >
                Gerona
              </option>
              <option
                value="Gran Canaria"
              >
                Gran Canaria
              </option>
              <option
                value="Granada"
              >
                Granada
              </option>
              <option
                value="Guadalajara"
              >
                Guadalajara
              </option>
              <option
                value="Guipuzcoa"
              >
                Guipuzcoa
              </option>
              <option
                value="Huelva"
              >
                Huelva
              </option>
              <option
                value="Huesca"
              >
                Huesca
              </option>
              <option
                value="Ibiza"
              >
                Ibiza
              </option>
              <option
                value="Jaen"
              >
                Jaen
              </option>
              <option
                value="La Palma"
              >
                La Palma
              </option>
              <option
                value="La Rioja"
              >
                La Rioja
              </option>
              <option
                value="Lanzarote"
              >
                Lanzarote
              </option>
              <option
                value="Leon"
              >
                Leon
              </option>
              <option
                value="Lerida"
              >
                Lerida
              </option>
              <option
                value="Lugo"
              >
                Lugo
              </option>
              <option
                value="Madrid"
              >
                Madrid
              </option>
              <option
                value="Malaga"
              >
                Malaga
              </option>
              <option
                value="Mallorca"
              >
                Mallorca
              </option>
              <option
                value="Menorca"
              >
                Menorca
              </option>
              <option
                value="Murcia"
              >
                Murcia
              </option>
              <option
                value="Navarra"
              >
                Navarra
              </option>
              <option
                value="Orense"
              >
                Orense
              </option>
              <option
                value="Palencia"
              >
                Palencia
              </option>
              <option
                value="Pontevedra"
              >
                Pontevedra
              </option>
              <option
                value="Salamanca"
              >
                Salamanca
              </option>
              <option
                value="Segovia"
              >
                Segovia
              </option>
              <option
                value="Sevilla"
              >
                Sevilla
              </option>
              <option
                value="Soria"
              >
                Soria
              </option>
              <option
                value="Tarragona"
              >
                Tarragona
              </option>
              <option
                value="Tenerife"
              >
                Tenerife
              </option>
              <option
                value="Teruel"
              >
                Teruel
              </option>
              <option
                value="Toledo"
              >
                Toledo
              </option>
              <option
                value="Valencia"
              >
                Valencia
              </option>
              <option
                value="Valladolid"
              >
                Valladolid
              </option>
              <option
                value="Vizcaya"
              >
                Vizcaya
              </option>
              <option
                value="Zamora"
              >
                Zamora
              </option>
              <option
                value="Zaragoza"
              >
                Zaragoza
              </option>
            </select>
          </div>
          <div>
            <label
              class="text-p-2 md:text-h-6 font-bold text-tile-100"
              for="numberOfPropertiesEnquire"
            >
              contact.form.properties_number.label
            </label>
            <select
              class="border-sierra-night-40 text-sierra-night-60 w-full rounded-md border p-2 pl-4 mt-2"
            >
              <option
                disabled=""
                selected=""
                value=""
              >
                contact.form.select.placeholder
              </option>
              <option
                value="5-50"
              >
                5-50
              </option>
              <option
                value="50-100"
              >
                50-100
              </option>
              <option
                value="100-200"
              >
                100-200
              </option>
              <option
                value="200-500"
              >
                200-500
              </option>
              <option
                value="500-1000"
              >
                500-1000
              </option>
            </select>
          </div>
        </div>
      </div>
      <div>
        <div
          class="mb-5 items-end lg:grid lg:grid-cols-2 lg:gap-x-6"
        >
          <div>
            <p
              class="text-p-2 md:text-h-6 mb-4 font-bold"
            >
              contact.form.arrange_callback
            </p>
            <div
              class="space-y-4 lg:flex lg:items-center lg:space-y-0 lg:space-x-4"
            >
              <label
                class="flex"
              >
                <input
                  class="relative border-sierra-night-40 relative inline-block h-6 w-6 appearance-none overflow-hidden rounded-full border-1 bg-white p-1 shadow-sm transition-all after:content[''] after:w-full after:h-full after:top-0 after:left-0 after:-right-0 after:bottom-0 after:m-auto after:rounded-full after:block after:bg-ocean-100 after:scale-0 after:transition-all checked:bg-white checked:after:scale-100"
                  name="timeOfDay"
                  type="radio"
                  value="Morning"
                />
                <span
                  class="text-p-2 ml-3"
                >
                  contact.form.date.morning
                </span>
              </label>
              <label
                class="flex"
              >
                <input
                  class="relative border-sierra-night-40 relative inline-block h-6 w-6 appearance-none overflow-hidden rounded-full border-1 bg-white p-1 shadow-sm transition-all after:content[''] after:w-full after:h-full after:top-0 after:left-0 after:-right-0 after:bottom-0 after:m-auto after:rounded-full after:block after:bg-ocean-100 after:scale-0 after:transition-all checked:bg-white checked:after:scale-100"
                  name="timeOfDay"
                  type="radio"
                  value="Afternoon"
                />
                <span
                  class="text-p-2 ml-3"
                >
                  contact.form.date.afternoon
                </span>
              </label>
            </div>
          </div>
          <div
            class="mt-5 lg:mt-0"
          >
            <p
              class="text-p-2 md:text-h-6 mb-4 font-bold"
            >
              contact.form.get_in_touch.label
            </p>
            <div
              class="space-y-4 lg:flex lg:items-center lg:space-y-0 lg:space-x-4"
            >
              <label
                class="flex"
              >
                <input
                  class="relative border-sierra-night-40 relative inline-block h-6 w-6 appearance-none overflow-hidden rounded-full border-1 bg-white p-1 shadow-sm transition-all after:content[''] after:w-full after:h-full after:top-0 after:left-0 after:-right-0 after:bottom-0 after:m-auto after:rounded-full after:block after:bg-ocean-100 after:scale-0 after:transition-all checked:bg-white checked:after:scale-100"
                  name="preferredFormOfContact"
                  type="radio"
                  value="Email"
                />
                <span
                  class="text-p-2 ml-3"
                >
                  contact.form.get_in_touch.email
                </span>
              </label>
              <label
                class="flex"
              >
                <input
                  class="relative border-sierra-night-40 relative inline-block h-6 w-6 appearance-none overflow-hidden rounded-full border-1 bg-white p-1 shadow-sm transition-all after:content[''] after:w-full after:h-full after:top-0 after:left-0 after:-right-0 after:bottom-0 after:m-auto after:rounded-full after:block after:bg-ocean-100 after:scale-0 after:transition-all checked:bg-white checked:after:scale-100"
                  name="preferredFormOfContact"
                  type="radio"
                  value="Phone call"
                />
                <span
                  class="text-p-2 ml-3"
                >
                  contact.form.get_in_touch.phone_call
                </span>
              </label>
            </div>
          </div>
        </div>
      </div>
      <input
        name="defaultNationContact"
        type="hidden"
        value="Spain"
      />
      <input
        name="hsLanguage"
        type="hidden"
        value="en"
      />
      <input
        name="receiveMarketAnalysis"
        type="hidden"
        value="true"
      />
      <footer
        class="text-h-5-sm lg:text-h-5 mt-3 w-full lg:w-1/4"
      >
        <button
          class="inline-block w-full rounded-full px-4 text-center font-bold text-white disabled:cursor-not-allowed bg-ocean-100 border-ocean-100 hover:border-ocean-120 hover:bg-ocean-120 focus:border-ocean-120 focus:bg-ocean-120 disabled:bg-ocean-40 disabled:border-ocean-40 border-2 py-3"
        >
          contact.form.submit
        </button>
      </footer>
    </form>
  </section>
</DocumentFragment>
`;
