// Jest Snapshot v1, https://goo.gl/fbAQLP

exports[`<Alert /> closable should render correctly 1`] = `
<div
  className="border-1 items-center gap-2 rounded p-3 bg-sunshine-20 border-sunshine-100 inline-flex"
  role="alert"
>
  <div
    className="mr-12 flex items-center gap-2"
  >
    <div
      className="flex"
    >
      <svg
        className="text-sunshine-100"
        fill="none"
        height={20}
        viewBox="0 0 24 24"
        width={20}
        xmlns="http://www.w3.org/2000/svg"
      >
        <g
          clipPath="url(#clip0_539_2185)"
        >
          <path
            d="M12 2C10.0222 2 8.08879 2.58649 6.4443 3.6853C4.79981 4.78412 3.51809 6.3459 2.76121 8.17317C2.00433 10.0004 1.8063 12.0111 2.19215 13.9509C2.578 15.8907 3.53041 17.6725 4.92894 19.0711C6.32746 20.4696 8.10929 21.422 10.0491 21.8079C11.9889 22.1937 13.9996 21.9957 15.8268 21.2388C17.6541 20.4819 19.2159 19.2002 20.3147 17.5557C21.4135 15.9112 22 13.9778 22 12C22 9.34784 20.9464 6.8043 19.0711 4.92893C17.1957 3.05357 14.6522 2 12 2ZM10.9286 7C10.9286 6.71584 11.0415 6.44332 11.2424 6.24239C11.4433 6.04145 11.7158 5.92857 12 5.92857C12.2842 5.92857 12.5567 6.04145 12.7576 6.24239C12.9586 6.44332 13.0714 6.71584 13.0714 7V11.2857C13.0714 11.5699 12.9586 11.8424 12.7576 12.0433C12.5567 12.2443 12.2842 12.3571 12 12.3571C11.7158 12.3571 11.4433 12.2443 11.2424 12.0433C11.0415 11.8424 10.9286 11.5699 10.9286 11.2857V7ZM12 17.7143C11.7175 17.7143 11.4413 17.6305 11.2063 17.4735C10.9714 17.3166 10.7883 17.0934 10.6802 16.8324C10.5721 16.5714 10.5438 16.2841 10.5989 16.007C10.654 15.7299 10.7901 15.4754 10.9899 15.2756C11.1896 15.0758 11.4442 14.9397 11.7213 14.8846C11.9984 14.8295 12.2857 14.8578 12.5467 14.9659C12.8077 15.074 13.0308 15.2571 13.1878 15.492C13.3448 15.727 13.4286 16.0032 13.4286 16.2857C13.4286 16.6646 13.2781 17.028 13.0102 17.2959C12.7422 17.5638 12.3789 17.7143 12 17.7143Z"
            fill="currentColor"
          />
        </g>
        <defs>
          <clipPath
            id="clip0_539_2185"
          >
            <rect
              fill="white"
              height="20"
              transform="translate(2 2)"
              width="20"
            />
          </clipPath>
        </defs>
      </svg>
    </div>
    <div
      className="text-sierra-night-100"
    >
      <p>
        test
      </p>
    </div>
  </div>
  <div
    className="ml-auto flex gap-2"
  >
    <button
      className="p-1"
      data-testid="close"
      onClick={[MockFunction]}
    >
      <svg
        className="text-sierra-night-100"
        fill="none"
        viewBox="0 0 24 24"
        width={18}
        xmlns="http://www.w3.org/2000/svg"
      >
        <g
          clipPath="url(#clip0_539_1272)"
        >
          <path
            d="M5.4375 18.5619L18.5625 5.43692"
            stroke="currentColor"
            strokeLinecap="round"
            strokeLinejoin="round"
            strokeWidth="2"
          />
          <path
            d="M18.5625 18.5619L5.4375 5.43692"
            stroke="currentColor"
            strokeLinecap="round"
            strokeLinejoin="round"
            strokeWidth="2"
          />
        </g>
        <defs>
          <clipPath
            id="clip0_539_1272"
          >
            <rect
              fill="currentColor"
              height="24"
              width="24"
            />
          </clipPath>
        </defs>
      </svg>
    </button>
  </div>
</div>
`;

exports[`<Alert /> closable with action should render correctly 1`] = `
<div
  className="border-1 items-center gap-2 rounded p-3 bg-sunshine-20 border-sunshine-100 inline-flex"
  role="alert"
>
  <div
    className="mr-12 flex items-center gap-2"
  >
    <div
      className="flex"
    >
      <svg
        className="text-sunshine-100"
        fill="none"
        height={20}
        viewBox="0 0 24 24"
        width={20}
        xmlns="http://www.w3.org/2000/svg"
      >
        <g
          clipPath="url(#clip0_539_2185)"
        >
          <path
            d="M12 2C10.0222 2 8.08879 2.58649 6.4443 3.6853C4.79981 4.78412 3.51809 6.3459 2.76121 8.17317C2.00433 10.0004 1.8063 12.0111 2.19215 13.9509C2.578 15.8907 3.53041 17.6725 4.92894 19.0711C6.32746 20.4696 8.10929 21.422 10.0491 21.8079C11.9889 22.1937 13.9996 21.9957 15.8268 21.2388C17.6541 20.4819 19.2159 19.2002 20.3147 17.5557C21.4135 15.9112 22 13.9778 22 12C22 9.34784 20.9464 6.8043 19.0711 4.92893C17.1957 3.05357 14.6522 2 12 2ZM10.9286 7C10.9286 6.71584 11.0415 6.44332 11.2424 6.24239C11.4433 6.04145 11.7158 5.92857 12 5.92857C12.2842 5.92857 12.5567 6.04145 12.7576 6.24239C12.9586 6.44332 13.0714 6.71584 13.0714 7V11.2857C13.0714 11.5699 12.9586 11.8424 12.7576 12.0433C12.5567 12.2443 12.2842 12.3571 12 12.3571C11.7158 12.3571 11.4433 12.2443 11.2424 12.0433C11.0415 11.8424 10.9286 11.5699 10.9286 11.2857V7ZM12 17.7143C11.7175 17.7143 11.4413 17.6305 11.2063 17.4735C10.9714 17.3166 10.7883 17.0934 10.6802 16.8324C10.5721 16.5714 10.5438 16.2841 10.5989 16.007C10.654 15.7299 10.7901 15.4754 10.9899 15.2756C11.1896 15.0758 11.4442 14.9397 11.7213 14.8846C11.9984 14.8295 12.2857 14.8578 12.5467 14.9659C12.8077 15.074 13.0308 15.2571 13.1878 15.492C13.3448 15.727 13.4286 16.0032 13.4286 16.2857C13.4286 16.6646 13.2781 17.028 13.0102 17.2959C12.7422 17.5638 12.3789 17.7143 12 17.7143Z"
            fill="currentColor"
          />
        </g>
        <defs>
          <clipPath
            id="clip0_539_2185"
          >
            <rect
              fill="white"
              height="20"
              transform="translate(2 2)"
              width="20"
            />
          </clipPath>
        </defs>
      </svg>
    </div>
    <div
      className="text-sierra-night-100"
    >
      <p>
        test
      </p>
    </div>
  </div>
  <div
    className="ml-auto flex gap-2"
  >
    <a
      className="bg-white text-sunshine-100 px-4 py-2 rounded-full text-center border-1 border-sunshine-100"
      data-testid="dummy-link"
      href="/"
    >
      Test
    </a>
    <button
      className="p-1"
      data-testid="close"
      onClick={[MockFunction]}
    >
      <svg
        className="text-sierra-night-100"
        fill="none"
        viewBox="0 0 24 24"
        width={18}
        xmlns="http://www.w3.org/2000/svg"
      >
        <g
          clipPath="url(#clip0_539_1272)"
        >
          <path
            d="M5.4375 18.5619L18.5625 5.43692"
            stroke="currentColor"
            strokeLinecap="round"
            strokeLinejoin="round"
            strokeWidth="2"
          />
          <path
            d="M18.5625 18.5619L5.4375 5.43692"
            stroke="currentColor"
            strokeLinecap="round"
            strokeLinejoin="round"
            strokeWidth="2"
          />
        </g>
        <defs>
          <clipPath
            id="clip0_539_1272"
          >
            <rect
              fill="currentColor"
              height="24"
              width="24"
            />
          </clipPath>
        </defs>
      </svg>
    </button>
  </div>
</div>
`;

exports[`<Alert /> error type should render correctly 1`] = `
<div
  className="border-1 items-center gap-2 rounded p-3 bg-terracotta-10 border-terracotta-100 inline-flex"
  role="alert"
>
  <div
    className="mr-12 flex items-center gap-2"
  >
    <div
      className="flex"
    >
      <svg
        className="text-terracotta-100"
        fill="none"
        height={20}
        viewBox="0 0 24 24"
        width={20}
        xmlns="http://www.w3.org/2000/svg"
      >
        <g
          clipPath="url(#clip0_539_2185)"
        >
          <path
            d="M12 2C10.0222 2 8.08879 2.58649 6.4443 3.6853C4.79981 4.78412 3.51809 6.3459 2.76121 8.17317C2.00433 10.0004 1.8063 12.0111 2.19215 13.9509C2.578 15.8907 3.53041 17.6725 4.92894 19.0711C6.32746 20.4696 8.10929 21.422 10.0491 21.8079C11.9889 22.1937 13.9996 21.9957 15.8268 21.2388C17.6541 20.4819 19.2159 19.2002 20.3147 17.5557C21.4135 15.9112 22 13.9778 22 12C22 9.34784 20.9464 6.8043 19.0711 4.92893C17.1957 3.05357 14.6522 2 12 2ZM10.9286 7C10.9286 6.71584 11.0415 6.44332 11.2424 6.24239C11.4433 6.04145 11.7158 5.92857 12 5.92857C12.2842 5.92857 12.5567 6.04145 12.7576 6.24239C12.9586 6.44332 13.0714 6.71584 13.0714 7V11.2857C13.0714 11.5699 12.9586 11.8424 12.7576 12.0433C12.5567 12.2443 12.2842 12.3571 12 12.3571C11.7158 12.3571 11.4433 12.2443 11.2424 12.0433C11.0415 11.8424 10.9286 11.5699 10.9286 11.2857V7ZM12 17.7143C11.7175 17.7143 11.4413 17.6305 11.2063 17.4735C10.9714 17.3166 10.7883 17.0934 10.6802 16.8324C10.5721 16.5714 10.5438 16.2841 10.5989 16.007C10.654 15.7299 10.7901 15.4754 10.9899 15.2756C11.1896 15.0758 11.4442 14.9397 11.7213 14.8846C11.9984 14.8295 12.2857 14.8578 12.5467 14.9659C12.8077 15.074 13.0308 15.2571 13.1878 15.492C13.3448 15.727 13.4286 16.0032 13.4286 16.2857C13.4286 16.6646 13.2781 17.028 13.0102 17.2959C12.7422 17.5638 12.3789 17.7143 12 17.7143Z"
            fill="currentColor"
          />
        </g>
        <defs>
          <clipPath
            id="clip0_539_2185"
          >
            <rect
              fill="white"
              height="20"
              transform="translate(2 2)"
              width="20"
            />
          </clipPath>
        </defs>
      </svg>
    </div>
    <div
      className="text-sierra-night-100"
    >
      <p>
        test
      </p>
    </div>
  </div>
  <div
    className="ml-auto flex gap-2"
  />
</div>
`;

exports[`<Alert /> full width should render correctly 1`] = `
<div
  className="border-1 items-center gap-2 rounded p-3 bg-sunshine-20 border-sunshine-100 flex"
  role="alert"
>
  <div
    className="mr-12 flex items-center gap-2"
  >
    <div
      className="flex"
    >
      <svg
        className="text-sunshine-100"
        fill="none"
        height={20}
        viewBox="0 0 24 24"
        width={20}
        xmlns="http://www.w3.org/2000/svg"
      >
        <g
          clipPath="url(#clip0_539_2185)"
        >
          <path
            d="M12 2C10.0222 2 8.08879 2.58649 6.4443 3.6853C4.79981 4.78412 3.51809 6.3459 2.76121 8.17317C2.00433 10.0004 1.8063 12.0111 2.19215 13.9509C2.578 15.8907 3.53041 17.6725 4.92894 19.0711C6.32746 20.4696 8.10929 21.422 10.0491 21.8079C11.9889 22.1937 13.9996 21.9957 15.8268 21.2388C17.6541 20.4819 19.2159 19.2002 20.3147 17.5557C21.4135 15.9112 22 13.9778 22 12C22 9.34784 20.9464 6.8043 19.0711 4.92893C17.1957 3.05357 14.6522 2 12 2ZM10.9286 7C10.9286 6.71584 11.0415 6.44332 11.2424 6.24239C11.4433 6.04145 11.7158 5.92857 12 5.92857C12.2842 5.92857 12.5567 6.04145 12.7576 6.24239C12.9586 6.44332 13.0714 6.71584 13.0714 7V11.2857C13.0714 11.5699 12.9586 11.8424 12.7576 12.0433C12.5567 12.2443 12.2842 12.3571 12 12.3571C11.7158 12.3571 11.4433 12.2443 11.2424 12.0433C11.0415 11.8424 10.9286 11.5699 10.9286 11.2857V7ZM12 17.7143C11.7175 17.7143 11.4413 17.6305 11.2063 17.4735C10.9714 17.3166 10.7883 17.0934 10.6802 16.8324C10.5721 16.5714 10.5438 16.2841 10.5989 16.007C10.654 15.7299 10.7901 15.4754 10.9899 15.2756C11.1896 15.0758 11.4442 14.9397 11.7213 14.8846C11.9984 14.8295 12.2857 14.8578 12.5467 14.9659C12.8077 15.074 13.0308 15.2571 13.1878 15.492C13.3448 15.727 13.4286 16.0032 13.4286 16.2857C13.4286 16.6646 13.2781 17.028 13.0102 17.2959C12.7422 17.5638 12.3789 17.7143 12 17.7143Z"
            fill="currentColor"
          />
        </g>
        <defs>
          <clipPath
            id="clip0_539_2185"
          >
            <rect
              fill="white"
              height="20"
              transform="translate(2 2)"
              width="20"
            />
          </clipPath>
        </defs>
      </svg>
    </div>
    <div
      className="text-sierra-night-100"
    >
      <p>
        test
      </p>
    </div>
  </div>
  <div
    className="ml-auto flex gap-2"
  />
</div>
`;

exports[`<Alert /> should render correctly 1`] = `
<div
  className="border-1 items-center gap-2 rounded p-3 bg-sunshine-20 border-sunshine-100 inline-flex"
  role="alert"
>
  <div
    className="mr-12 flex items-center gap-2"
  >
    <div
      className="flex"
    >
      <svg
        className="text-sunshine-100"
        fill="none"
        height={20}
        viewBox="0 0 24 24"
        width={20}
        xmlns="http://www.w3.org/2000/svg"
      >
        <g
          clipPath="url(#clip0_539_2185)"
        >
          <path
            d="M12 2C10.0222 2 8.08879 2.58649 6.4443 3.6853C4.79981 4.78412 3.51809 6.3459 2.76121 8.17317C2.00433 10.0004 1.8063 12.0111 2.19215 13.9509C2.578 15.8907 3.53041 17.6725 4.92894 19.0711C6.32746 20.4696 8.10929 21.422 10.0491 21.8079C11.9889 22.1937 13.9996 21.9957 15.8268 21.2388C17.6541 20.4819 19.2159 19.2002 20.3147 17.5557C21.4135 15.9112 22 13.9778 22 12C22 9.34784 20.9464 6.8043 19.0711 4.92893C17.1957 3.05357 14.6522 2 12 2ZM10.9286 7C10.9286 6.71584 11.0415 6.44332 11.2424 6.24239C11.4433 6.04145 11.7158 5.92857 12 5.92857C12.2842 5.92857 12.5567 6.04145 12.7576 6.24239C12.9586 6.44332 13.0714 6.71584 13.0714 7V11.2857C13.0714 11.5699 12.9586 11.8424 12.7576 12.0433C12.5567 12.2443 12.2842 12.3571 12 12.3571C11.7158 12.3571 11.4433 12.2443 11.2424 12.0433C11.0415 11.8424 10.9286 11.5699 10.9286 11.2857V7ZM12 17.7143C11.7175 17.7143 11.4413 17.6305 11.2063 17.4735C10.9714 17.3166 10.7883 17.0934 10.6802 16.8324C10.5721 16.5714 10.5438 16.2841 10.5989 16.007C10.654 15.7299 10.7901 15.4754 10.9899 15.2756C11.1896 15.0758 11.4442 14.9397 11.7213 14.8846C11.9984 14.8295 12.2857 14.8578 12.5467 14.9659C12.8077 15.074 13.0308 15.2571 13.1878 15.492C13.3448 15.727 13.4286 16.0032 13.4286 16.2857C13.4286 16.6646 13.2781 17.028 13.0102 17.2959C12.7422 17.5638 12.3789 17.7143 12 17.7143Z"
            fill="currentColor"
          />
        </g>
        <defs>
          <clipPath
            id="clip0_539_2185"
          >
            <rect
              fill="white"
              height="20"
              transform="translate(2 2)"
              width="20"
            />
          </clipPath>
        </defs>
      </svg>
    </div>
    <div
      className="text-sierra-night-100"
    >
      <p>
        test
      </p>
    </div>
  </div>
  <div
    className="ml-auto flex gap-2"
  />
</div>
`;

exports[`<Alert /> success type should render correctly 1`] = `
<div
  className="border-1 items-center gap-2 rounded p-3 bg-meadow-100 border-meadow-100 inline-flex"
  role="alert"
>
  <div
    className="mr-12 flex items-center gap-2"
  >
    <div
      className="flex"
    >
      <svg
        className="text-white"
        fill="none"
        viewBox="0 0 24 24"
        width={24}
        xmlns="http://www.w3.org/2000/svg"
      >
        <path
          clipRule="evenodd"
          d="M12 22C17.5228 22 22 17.5228 22 12C22 6.47715 17.5228 2 12 2C6.47715 2 2 6.47715 2 12C2 17.5228 6.47715 22 12 22ZM16.7071 9.70711C17.0976 9.31658 17.0976 8.68342 16.7071 8.29289C16.3166 7.90237 15.6834 7.90237 15.2929 8.29289L10 13.5858L8.70711 12.2929C8.31658 11.9024 7.68342 11.9024 7.29289 12.2929C6.90237 12.6834 6.90237 13.3166 7.29289 13.7071L9.29289 15.7071C9.68342 16.0976 10.3166 16.0976 10.7071 15.7071L16.7071 9.70711Z"
          fill="currentColor"
          fillRule="evenodd"
        />
      </svg>
    </div>
    <div
      className="text-white"
    >
      <p>
        test
      </p>
    </div>
  </div>
  <div
    className="ml-auto flex gap-2"
  />
</div>
`;
